This is XeTeX, Version 3.141592653-2.6-0.999997 (TeX Live 2025/nixos.org) (preloaded format=xelatex 1980.1.1)  29 JUN 2026 10:41
entering extended mode
 restricted \write18 enabled.
 file:line:error style messages enabled.
 %&-line parsing enabled.
**/home/greghem/leslie/blueprint/src/web.tex
(/home/greghem/leslie/blueprint/src/web.tex
LaTeX2e <2025-11-01>
L3 programming layer <2026-01-19>
(/nix/store/3b1j5jipjpakdak6par146z865lwq8rp-texlive-2025-r78234-final-env-texmfdist/tex/latex/base/report.cls
Document Class: report 2025/01/22 v1.4n Standard LaTeX document class
(/nix/store/3b1j5jipjpakdak6par146z865lwq8rp-texlive-2025-r78234-final-env-texmfdist/tex/latex/base/size10.clo
File: size10.clo 2025/01/22 v1.4n Standard LaTeX file (size option)
)
\c@part=\count271
\c@chapter=\count272
\c@section=\count273
\c@subsection=\count274
\c@subsubsection=\count275
\c@paragraph=\count276
\c@subparagraph=\count277
\c@figure=\count278
\c@table=\count279
\abovecaptionskip=\skip49
\belowcaptionskip=\skip50
\bibindent=\dimen148
) (/nix/store/3b1j5jipjpakdak6par146z865lwq8rp-texlive-2025-r78234-final-env-texmfdist/tex/latex/amsfonts/amssymb.sty
Package: amssymb 2013/01/14 v3.01 AMS font symbols
 (/nix/store/3b1j5jipjpakdak6par146z865lwq8rp-texlive-2025-r78234-final-env-texmfdist/tex/latex/amsfonts/amsfonts.sty
Package: amsfonts 2013/01/14 v3.01 Basic AMSFonts support
\@emptytoks=\toks17
\symAMSa=\mathgroup4
\symAMSb=\mathgroup5
LaTeX Font Info:    Redeclaring math symbol \hbar on input line 98.
LaTeX Font Info:    Overwriting math alphabet `\mathfrak' in version `bold'
(Font)                  U/euf/m/n --> U/euf/b/n on input line 106.
)) (/nix/store/3b1j5jipjpakdak6par146z865lwq8rp-texlive-2025-r78234-final-env-texmfdist/tex/latex/amscls/amsthm.sty
Package: amsthm 2020/05/29 v2.20.6
\thm@style=\toks18
\thm@bodyfont=\toks19
\thm@headfont=\toks20
\thm@notefont=\toks21
\thm@headpunct=\toks22
\thm@preskip=\skip51
\thm@postskip=\skip52
\thm@headsep=\skip53
\dth@everypar=\toks23
) (/nix/store/3b1j5jipjpakdak6par146z865lwq8rp-texlive-2025-r78234-final-env-texmfdist/tex/latex/amsmath/amsmath.sty
Package: amsmath 2025/07/09 v2.17z AMS math features
\@mathmargin=\skip54

For additional information on amsmath, use the `?' option.
(/nix/store/3b1j5jipjpakdak6par146z865lwq8rp-texlive-2025-r78234-final-env-texmfdist/tex/latex/amsmath/amstext.sty
Package: amstext 2024/11/17 v2.01 AMS text
 (/nix/store/3b1j5jipjpakdak6par146z865lwq8rp-texlive-2025-r78234-final-env-texmfdist/tex/latex/amsmath/amsgen.sty
File: amsgen.sty 1999/11/30 v2.0 generic functions
\@emptytoks=\toks24
\ex@=\dimen149
)) (/nix/store/3b1j5jipjpakdak6par146z865lwq8rp-texlive-2025-r78234-final-env-texmfdist/tex/latex/amsmath/amsbsy.sty
Package: amsbsy 1999/11/29 v1.2d Bold Symbols
\pmbraise@=\dimen150
) (/nix/store/3b1j5jipjpakdak6par146z865lwq8rp-texlive-2025-r78234-final-env-texmfdist/tex/latex/amsmath/amsopn.sty
Package: amsopn 2022/04/08 v2.04 operator names
)
\inf@bad=\count280
LaTeX Info: Redefining \frac on input line 233.
\uproot@=\count281
\leftroot@=\count282
LaTeX Info: Redefining \overline on input line 398.
LaTeX Info: Redefining \colon on input line 409.
\classnum@=\count283
\DOTSCASE@=\count284
LaTeX Info: Redefining \ldots on input line 495.
LaTeX Info: Redefining \dots on input line 498.
LaTeX Info: Redefining \cdots on input line 619.
\Mathstrutbox@=\box53
\strutbox@=\box54
LaTeX Info: Redefining \big on input line 721.
LaTeX Info: Redefining \Big on input line 722.
LaTeX Info: Redefining \bigg on input line 723.
LaTeX Info: Redefining \Bigg on input line 724.
\big@size=\dimen151
LaTeX Font Info:    Redeclaring font encoding OML on input line 742.
LaTeX Font Info:    Redeclaring font encoding OMS on input line 743.
\macc@depth=\count285
LaTeX Info: Redefining \bmod on input line 904.
LaTeX Info: Redefining \pmod on input line 909.
LaTeX Info: Redefining \smash on input line 939.
LaTeX Info: Redefining \relbar on input line 969.
LaTeX Info: Redefining \Relbar on input line 970.
\c@MaxMatrixCols=\count286
\dotsspace@=\muskip17
\c@parentequation=\count287
\dspbrk@lvl=\count288
\tag@help=\toks25
\row@=\count289
\column@=\count290
\maxfields@=\count291
\andhelp@=\toks26
\eqnshift@=\dimen152
\alignsep@=\dimen153
\tagshift@=\dimen154
\tagwidth@=\dimen155
\totwidth@=\dimen156
\lineht@=\dimen157
\@envbody=\toks27
\multlinegap=\skip55
\multlinetaggap=\skip56
\mathdisplay@stack=\toks28
LaTeX Info: Redefining \[ on input line 2950.
LaTeX Info: Redefining \] on input line 2951.
) (/nix/store/3b1j5jipjpakdak6par146z865lwq8rp-texlive-2025-r78234-final-env-texmfdist/tex/latex/hyperref/hyperref.sty
Package: hyperref 2026-01-29 v7.01p Hypertext links for LaTeX
 (/nix/store/3b1j5jipjpakdak6par146z865lwq8rp-texlive-2025-r78234-final-env-texmfdist/tex/generic/iftex/iftex.sty
Package: iftex 2024/12/12 v1.0g TeX engine tests
) (/nix/store/3b1j5jipjpakdak6par146z865lwq8rp-texlive-2025-r78234-final-env-texmfdist/tex/latex/graphics/keyval.sty
Package: keyval 2022/05/29 v1.15 key=value parser (DPC)
\KV@toks@=\toks29
) (/nix/store/3b1j5jipjpakdak6par146z865lwq8rp-texlive-2025-r78234-final-env-texmfdist/tex/latex/kvsetkeys/kvsetkeys.sty
Package: kvsetkeys 2022-10-05 v1.19 Key value parser (HO)
) (/nix/store/3b1j5jipjpakdak6par146z865lwq8rp-texlive-2025-r78234-final-env-texmfdist/tex/generic/kvdefinekeys/kvdefinekeys.sty
Package: kvdefinekeys 2019-12-19 v1.6 Define keys (HO)
) (/nix/store/3b1j5jipjpakdak6par146z865lwq8rp-texlive-2025-r78234-final-env-texmfdist/tex/generic/pdfescape/pdfescape.sty
Package: pdfescape 2019/12/09 v1.15 Implements pdfTeX's escape features (HO)
 (/nix/store/3b1j5jipjpakdak6par146z865lwq8rp-texlive-2025-r78234-final-env-texmfdist/tex/generic/ltxcmds/ltxcmds.sty
Package: ltxcmds 2023-12-04 v1.26 LaTeX kernel commands for general use (HO)
) (/nix/store/3b1j5jipjpakdak6par146z865lwq8rp-texlive-2025-r78234-final-env-texmfdist/tex/generic/pdftexcmds/pdftexcmds.sty
Package: pdftexcmds 2020-06-27 v0.33 Utility functions of pdfTeX for LuaTeX (HO)
 (/nix/store/3b1j5jipjpakdak6par146z865lwq8rp-texlive-2025-r78234-final-env-texmfdist/tex/generic/infwarerr/infwarerr.sty
Package: infwarerr 2019/12/03 v1.5 Providing info/warning/error messages (HO)
)
Package pdftexcmds Info: \pdf@primitive is available.
Package pdftexcmds Info: \pdf@ifprimitive is available.
Package pdftexcmds Info: \pdfdraftmode not found.
)) (/nix/store/3b1j5jipjpakdak6par146z865lwq8rp-texlive-2025-r78234-final-env-texmfdist/tex/latex/hycolor/hycolor.sty
Package: hycolor 2020-01-27 v1.10 Color options for hyperref/bookmark (HO)
) (/nix/store/3b1j5jipjpakdak6par146z865lwq8rp-texlive-2025-r78234-final-env-texmfdist/tex/latex/hyperref/nameref.sty
Package: nameref 2026-01-29 v2.58 Cross-referencing by name of section
 (/nix/store/3b1j5jipjpakdak6par146z865lwq8rp-texlive-2025-r78234-final-env-texmfdist/tex/latex/refcount/refcount.sty
Package: refcount 2019/12/15 v3.6 Data extraction from label references (HO)
) (/nix/store/3b1j5jipjpakdak6par146z865lwq8rp-texlive-2025-r78234-final-env-texmfdist/tex/generic/gettitlestring/gettitlestring.sty
Package: gettitlestring 2019/12/15 v1.6 Cleanup title references (HO)
 (/nix/store/3b1j5jipjpakdak6par146z865lwq8rp-texlive-2025-r78234-final-env-texmfdist/tex/latex/kvoptions/kvoptions.sty
Package: kvoptions 2022-06-15 v3.15 Key value format for package options (HO)
))
\c@section@level=\count292
) (/nix/store/3b1j5jipjpakdak6par146z865lwq8rp-texlive-2025-r78234-final-env-texmfdist/tex/latex/etoolbox/etoolbox.sty
Package: etoolbox 2025/10/02 v2.5m e-TeX tools for LaTeX (JAW)
\etb@tempcnta=\count293
) (/nix/store/3b1j5jipjpakdak6par146z865lwq8rp-texlive-2025-r78234-final-env-texmfdist/tex/generic/stringenc/stringenc.sty
Package: stringenc 2019/11/29 v1.12 Convert strings between diff. encodings (HO)
)
\@linkdim=\dimen158
\Hy@linkcounter=\count294
\Hy@pagecounter=\count295
 (/nix/store/3b1j5jipjpakdak6par146z865lwq8rp-texlive-2025-r78234-final-env-texmfdist/tex/latex/hyperref/pd1enc.def
File: pd1enc.def 2026-01-29 v7.01p Hyperref: PDFDocEncoding definition (HO)
) (/nix/store/3b1j5jipjpakdak6par146z865lwq8rp-texlive-2025-r78234-final-env-texmfdist/tex/generic/intcalc/intcalc.sty
Package: intcalc 2019/12/15 v1.3 Expandable calculations with integers (HO)
)
\Hy@SavedSpaceFactor=\count296
 (/nix/store/3b1j5jipjpakdak6par146z865lwq8rp-texlive-2025-r78234-final-env-texmfdist/tex/latex/hyperref/puenc.def
File: puenc.def 2026-01-29 v7.01p Hyperref: PDF Unicode definition (HO)
)
Package hyperref Info: Hyper figures OFF on input line 4201.
Package hyperref Info: Link nesting OFF on input line 4206.
Package hyperref Info: Hyper index ON on input line 4209.
Package hyperref Info: Plain pages OFF on input line 4216.
Package hyperref Info: Backreferencing OFF on input line 4221.
Package hyperref Info: Implicit mode ON; LaTeX internals redefined.
Package hyperref Info: Bookmarks ON on input line 4468.
\c@Hy@tempcnt=\count297
 (/nix/store/3b1j5jipjpakdak6par146z865lwq8rp-texlive-2025-r78234-final-env-texmfdist/tex/latex/url/url.sty
\Urlmuskip=\muskip18
Package: url 2013/09/16  ver 3.4  Verb mode for urls, etc.
)
LaTeX Info: Redefining \url on input line 4807.
\XeTeXLinkMargin=\dimen159
 (/nix/store/3b1j5jipjpakdak6par146z865lwq8rp-texlive-2025-r78234-final-env-texmfdist/tex/generic/bitset/bitset.sty
Package: bitset 2019/12/09 v1.3 Handle bit-vector datatype (HO)
 (/nix/store/3b1j5jipjpakdak6par146z865lwq8rp-texlive-2025-r78234-final-env-texmfdist/tex/generic/bigintcalc/bigintcalc.sty
Package: bigintcalc 2019/12/15 v1.5 Expandable calculations on big integers (HO)
))
\Fld@menulength=\count298
\Field@Width=\dimen160
\Fld@charsize=\dimen161
Package hyperref Info: Hyper figures OFF on input line 6084.
Package hyperref Info: Link nesting OFF on input line 6089.
Package hyperref Info: Hyper index ON on input line 6092.
Package hyperref Info: backreferencing OFF on input line 6099.
Package hyperref Info: Link coloring OFF on input line 6104.
Package hyperref Info: Link coloring with OCG OFF on input line 6109.
Package hyperref Info: PDF/A mode OFF on input line 6114.
\Hy@abspage=\count299
\c@Item=\count300
\c@Hfootnote=\count301
)
Package hyperref Info: Driver (autodetected): hxetex.
 (/nix/store/3b1j5jipjpakdak6par146z865lwq8rp-texlive-2025-r78234-final-env-texmfdist/tex/latex/hyperref/hxetex.def
File: hxetex.def 2026-01-29 v7.01p Hyperref driver for XeTeX
\pdfm@box=\box55
\c@Hy@AnnotLevel=\count302
\HyField@AnnotCount=\count303
\Fld@listcount=\count304
\c@bookmark@seq@number=\count305
 (/nix/store/3b1j5jipjpakdak6par146z865lwq8rp-texlive-2025-r78234-final-env-texmfdist/tex/latex/rerunfilecheck/rerunfilecheck.sty
Package: rerunfilecheck 2025-06-21 v1.11 Rerun checks for auxiliary files (HO)
 (/nix/store/3b1j5jipjpakdak6par146z865lwq8rp-texlive-2025-r78234-final-env-texmfdist/tex/generic/uniquecounter/uniquecounter.sty
Package: uniquecounter 2019/12/15 v1.4 Provide unlimited unique counter (HO)
)
Package uniquecounter Info: New unique counter `rerunfilecheck' on input line 284.
)
\Hy@SectionHShift=\skip57
) (./blueprint.sty) (/nix/store/3b1j5jipjpakdak6par146z865lwq8rp-texlive-2025-r78234-final-env-texmfdist/tex/latex/comment/comment.sty
\CommentStream=\write3
 Excluding comment 'comment') Excluding comment 'algorithm' Excluding comment 'algorithmic' (./macros/common.tex
\c@theorem=\count306
\c@definition=\count307
\c@protocol=\count308
\c@implementation=\count309
\c@specification=\count310
\c@assumption=\count311
) (./macros/web.tex)
/home/greghem/leslie/blueprint/src/web.tex:23: Undefined control sequence.
l.23 \home
          {https://rupakm.github.io/leslie}
The control sequence at the end of the top line
of your error message was never \def'ed. If you have
misspelled it (e.g., `\hobx'), type `I' and the correct
spelling (e.g., `I\hbox'). Otherwise just continue,
and I'll forget about whatever was undefined.


/home/greghem/leslie/blueprint/src/web.tex:23: LaTeX Error: Missing \begin{document}.

See the LaTeX manual or LaTeX Companion for explanation.
Type  H <return>  for immediate help.
 ...                                              
                                                  
l.23 \home{h
            ttps://rupakm.github.io/leslie}
You're in trouble here.  Try typing  <return>  to proceed.
If that doesn't work, type  X <return>  to quit.

/home/greghem/leslie/blueprint/src/web.tex:24: Undefined control sequence.
l.24 \github
            {https://github.com/rupakm/leslie}
The control sequence at the end of the top line
of your error message was never \def'ed. If you have
misspelled it (e.g., `\hobx'), type `I' and the correct
spelling (e.g., `I\hbox'). Otherwise just continue,
and I'll forget about whatever was undefined.

/home/greghem/leslie/blueprint/src/web.tex:25: Undefined control sequence.
l.25 \dochome
             {https://rupakm.github.io/leslie/docs}
The control sequence at the end of the top line
of your error message was never \def'ed. If you have
misspelled it (e.g., `\hobx'), type `I' and the correct
spelling (e.g., `I\hbox'). Otherwise just continue,
and I'll forget about whatever was undefined.


Overfull \hbox (120.55pt too wide) in paragraph at lines 23--26
[]\TU/lmr/m/n/10 https://rupakm.github.io/leslie https://github.com/rupakm/leslie https://rupakm.github.io/leslie/docs 
 []

(/nix/store/3b1j5jipjpakdak6par146z865lwq8rp-texlive-2025-r78234-final-env-texmfdist/tex/latex/l3backend/l3backend-xetex.def
File: l3backend-xetex.def 2025-10-09 L3 backend support: XeTeX
\g__graphics_track_int=\count312
\g__pdfannot_backend_int=\count313
\g__pdfannot_backend_link_int=\count314
) (./web.aux)
\openout1 = `web.aux'.

LaTeX Font Info:    Checking defaults for OML/cmm/m/it on input line 30.
LaTeX Font Info:    ... okay on input line 30.
LaTeX Font Info:    Checking defaults for OMS/cmsy/m/n on input line 30.
LaTeX Font Info:    ... okay on input line 30.
LaTeX Font Info:    Checking defaults for OT1/cmr/m/n on input line 30.
LaTeX Font Info:    ... okay on input line 30.
LaTeX Font Info:    Checking defaults for T1/cmr/m/n on input line 30.
LaTeX Font Info:    ... okay on input line 30.
LaTeX Font Info:    Checking defaults for TS1/cmr/m/n on input line 30.
LaTeX Font Info:    ... okay on input line 30.
LaTeX Font Info:    Checking defaults for TU/lmr/m/n on input line 30.
LaTeX Font Info:    ... okay on input line 30.
LaTeX Font Info:    Checking defaults for OMX/cmex/m/n on input line 30.
LaTeX Font Info:    ... okay on input line 30.
LaTeX Font Info:    Checking defaults for U/cmr/m/n on input line 30.
LaTeX Font Info:    ... okay on input line 30.
LaTeX Font Info:    Checking defaults for PD1/pdf/m/n on input line 30.
LaTeX Font Info:    ... okay on input line 30.
LaTeX Font Info:    Checking defaults for PU/pdf/m/n on input line 30.
LaTeX Font Info:    ... okay on input line 30.
Package hyperref Info: Link coloring OFF on input line 30.
\@outlinefile=\write4
\openout4 = `web.out'.



Package hyperref Warning: Rerun to get /PageLabels entry.

[1

]
LaTeX Font Info:    Trying to load font information for U+msa on input line 32.
 (/nix/store/3b1j5jipjpakdak6par146z865lwq8rp-texlive-2025-r78234-final-env-texmfdist/tex/latex/amsfonts/umsa.fd
File: umsa.fd 2013/01/14 v3.01 AMS symbols A
)
LaTeX Font Info:    Trying to load font information for U+msb on input line 32.
 (/nix/store/3b1j5jipjpakdak6par146z865lwq8rp-texlive-2025-r78234-final-env-texmfdist/tex/latex/amsfonts/umsb.fd
File: umsb.fd 2013/01/14 v3.01 AMS symbols B
) [1] (./content.tex [1] (./sections/Preliminaries.tex
./sections/Preliminaries.tex:6: Undefined control sequence.
l.6     \lean
             {PLTS}
The control sequence at the end of the top line
of your error message was never \def'ed. If you have
misspelled it (e.g., `\hobx'), type `I' and the correct
spelling (e.g., `I\hbox'). Otherwise just continue,
and I'll forget about whatever was undefined.

./sections/Preliminaries.tex:26: Undefined control sequence.
l.26     \lean
              {Partial Probabilistic Execution}
The control sequence at the end of the top line
of your error message was never \def'ed. If you have
misspelled it (e.g., `\hobx'), type `I' and the correct
spelling (e.g., `I\hbox'). Otherwise just continue,
and I'll forget about whatever was undefined.

LaTeX Font Info:    Trying to load font information for U+euf on input line 30.
(/nix/store/3b1j5jipjpakdak6par146z865lwq8rp-texlive-2025-r78234-final-env-texmfdist/tex/latex/amsfonts/ueuf.fd
File: ueuf.fd 2013/01/14 v3.01 Euler Fraktur
)
./sections/Preliminaries.tex:40: Undefined control sequence.
l.40 states. We denote $\mu \xRightarrow
                                        {l} \mu'$ if and only if there exist...
The control sequence at the end of the top line
of your error message was never \def'ed. If you have
misspelled it (e.g., `\hobx'), type `I' and the correct
spelling (e.g., `I\hbox'). Otherwise just continue,
and I'll forget about whatever was undefined.

./sections/Preliminaries.tex:54: Undefined control sequence.
l.54     \lean
              {Parallel Composition}
The control sequence at the end of the top line
of your error message was never \def'ed. If you have
misspelled it (e.g., `\hobx'), type `I' and the correct
spelling (e.g., `I\hbox'). Otherwise just continue,
and I'll forget about whatever was undefined.


LaTeX Warning: Citation `Segala1995Compositional' on page 1 undefined on input line 73.

[1]
./sections/Preliminaries.tex:106: Undefined control sequence.
l.106     \lean
               {Probabilistic Forward Simulation}
The control sequence at the end of the top line
of your error message was never \def'ed. If you have
misspelled it (e.g., `\hobx'), type `I' and the correct
spelling (e.g., `I\hbox'). Otherwise just continue,
and I'll forget about whatever was undefined.

./sections/Preliminaries.tex:112: Undefined control sequence.
l.112     there exists $\mu' \xRightarrow
                                         {l} \mu''$ such that $(\mu,\mu'') \...
The control sequence at the end of the top line
of your error message was never \def'ed. If you have
misspelled it (e.g., `\hobx'), type `I' and the correct
spelling (e.g., `I\hbox'). Otherwise just continue,
and I'll forget about whatever was undefined.


LaTeX Warning: Citation `Segala1995Compositional' on page 2 undefined on input line 115.


LaTeX Warning: Reference `app:ProofSegala' on page 2 undefined on input line 122.

./sections/Preliminaries.tex:131: Undefined control sequence.
l.131 ...tion. On an LTS, we write $q \xRightarrow
                                                  {l} q'$ if there exists a ...
The control sequence at the end of the top line
of your error message was never \def'ed. If you have
misspelled it (e.g., `\hobx'), type `I' and the correct
spelling (e.g., `I\hbox'). Otherwise just continue,
and I'll forget about whatever was undefined.

./sections/Preliminaries.tex:135: Undefined control sequence.
l.135     \lean
               {Weak Simulation}
The control sequence at the end of the top line
of your error message was never \def'ed. If you have
misspelled it (e.g., `\hobx'), type `I' and the correct
spelling (e.g., `I\hbox'). Otherwise just continue,
and I'll forget about whatever was undefined.

./sections/Preliminaries.tex:141: Undefined control sequence.
l.141     there exists $q' \xRightarrow
                                       {l} p'$ such that $(p,p') \in \scal$.
The control sequence at the end of the top line
of your error message was never \def'ed. If you have
misspelled it (e.g., `\hobx'), type `I' and the correct
spelling (e.g., `I\hbox'). Otherwise just continue,
and I'll forget about whatever was undefined.


LaTeX Warning: Reference `thm:Segala' on page 2 undefined on input line 150.

[2] [3]

LaTeX Warning: Citation `Lynch2026Introduction' on page 4 undefined on input line 206.


LaTeX Warning: Reference `lem:weaksim' on page 4 undefined on input line 222.


LaTeX Warning: Citation `Dongol2022Weak' on page 4 undefined on input line 231.

./sections/Preliminaries.tex:235: Undefined control sequence.
l.235     \lean
               {FairWeakSimulation}
The control sequence at the end of the top line
of your error message was never \def'ed. If you have
misspelled it (e.g., `\hobx'), type `I' and the correct
spelling (e.g., `I\hbox'). Otherwise just continue,
and I'll forget about whatever was undefined.

./sections/Preliminaries.tex:241: Undefined control sequence.
l.241     exists $q' \xRightarrow
                                 {l} p'$ such that $(p,p') \in \scal$. Furth...
The control sequence at the end of the top line
of your error message was never \def'ed. If you have
misspelled it (e.g., `\hobx'), type `I' and the correct
spelling (e.g., `I\hbox'). Otherwise just continue,
and I'll forget about whatever was undefined.

./sections/Preliminaries.tex:242: Undefined control sequence.
l.242     $q' \xRightarrow
                          {\tau} p'$ contain no fair transition then if $(q,...
The control sequence at the end of the top line
of your error message was never \def'ed. If you have
misspelled it (e.g., `\hobx'), type `I' and the correct
spelling (e.g., `I\hbox'). Otherwise just continue,
and I'll forget about whatever was undefined.


LaTeX Warning: Reference `app:ProofSegala' on page 4 undefined on input line 248.

[4]
./sections/Preliminaries.tex:252: Undefined control sequence.
l.252     \lean
               {FairProbForwardSimulation}
The control sequence at the end of the top line
of your error message was never \def'ed. If you have
misspelled it (e.g., `\hobx'), type `I' and the correct
spelling (e.g., `I\hbox'). Otherwise just continue,
and I'll forget about whatever was undefined.

./sections/Preliminaries.tex:258: Undefined control sequence.
l.258 ...) \in T$, there exists $\mu' \xRightarrow
                                                  {l} \mu''$ such that
The control sequence at the end of the top line
of your error message was never \def'ed. If you have
misspelled it (e.g., `\hobx'), type `I' and the correct
spelling (e.g., `I\hbox'). Otherwise just continue,
and I'll forget about whatever was undefined.

./sections/Preliminaries.tex:260: Undefined control sequence.
l.260     \xRightarrow
                      {\tau} \mu''$ and $w$ the witness of $(\mu',\mu'') \in...
The control sequence at the end of the top line
of your error message was never \def'ed. If you have
misspelled it (e.g., `\hobx'), type `I' and the correct
spelling (e.g., `I\hbox'). Otherwise just continue,
and I'll forget about whatever was undefined.

./sections/Preliminaries.tex:261: Undefined control sequence.
l.261 ...there exist $q' \in \bar\mu' \xRightarrow
                                                  {\tau} p'$ consistent with...
The control sequence at the end of the top line
of your error message was never \def'ed. If you have
misspelled it (e.g., `\hobx'), type `I' and the correct
spelling (e.g., `I\hbox'). Otherwise just continue,
and I'll forget about whatever was undefined.


LaTeX Warning: Reference `app:ProofSegala' on page 5 undefined on input line 274.

[5]
Overfull \hbox (3.74751pt too wide) in paragraph at lines 318--323
[]\TU/lmr/bx/n/10 Definition 10 \TU/lmr/m/n/10 (Belief PLTS)\TU/lmr/bx/n/10 . \TU/lmr/m/n/10 Given a PLTS $\OMS/cmsy/m/n/10 P$ \TU/lmr/m/n/10 and an adversary $\OMS/cmsy/m/n/10 A \OT1/cmr/m/n/10 := (\OMS/cmsy/m/n/10 O[]\OML/cmm/m/it/10 ; \OMS/cmsy/m/n/10 O[]\OT1/cmr/m/n/10 )$\TU/lmr/m/n/10 ,
 []


Overfull \hbox (24.12569pt too wide) in paragraph at lines 318--323
\TU/lmr/m/n/10 the belief PLTS $\OMS/cmsy/m/n/10 P[]$ \TU/lmr/m/n/10 is defined as the tuple $\OT1/cmr/m/n/10 (\OMS/cmsy/m/n/10 f\OML/cmm/m/it/10 ^^V \OMS/cmsy/m/n/10 2 D\OT1/cmr/m/n/10 (\OML/cmm/m/it/10 Q\OT1/cmr/m/n/10 ) \OMS/cmsy/m/n/10 j O[]\OT1/cmr/m/n/10 ([]) = \OMS/cmsy/m/n/10 f^^Agg\OML/cmm/m/it/10 ; ^^N[]; \OMS/cmsy/m/n/10 O[]\OT1/cmr/m/n/10 (\OML/cmm/m/it/10 L\OT1/cmr/m/n/10 )\OML/cmm/m/it/10 ; T[]\OT1/cmr/m/n/10 )$
 []


Overfull \hbox (46.85178pt too wide) detected at line 329
\OML/cmm/m/it/10 ^^V [] ^^V[] \OMS/cmsy/m/n/10 2 \OML/cmm/m/it/10 T[]  \OMS/cmsy/m/n/10 ([])  9\OML/cmm/m/it/10 ^^V [] ^^V[] \OMS/cmsy/m/n/10 2 \OML/cmm/m/it/10 H; ^^V[] \OT1/cmr/m/n/10 = (\OML/cmm/m/it/10 q \OMS/cmsy/m/n/10 7! []\OT1/cmr/m/n/10 ) \OMS/cmsy/m/n/10 7! \OML/cmm/m/it/10 ^^V[]\OT1/cmr/m/n/10 (\OMS/cmsy/m/n/10 f\OML/cmm/m/it/10 q \OMS/cmsy/m/n/10 j O[]\OT1/cmr/m/n/10 (\OML/cmm/m/it/10 q\OT1/cmr/m/n/10 ) = \OML/cmm/m/it/10 o\OMS/cmsy/m/n/10 g\OT1/cmr/m/n/10 )
 []

) (./sections/Protocols.tex [6]

LaTeX Warning: Citation `Abraham2022Efficient' on page 7 undefined on input line 30.


LaTeX Warning: Reference `alg:ABA' on page 7 undefined on input line 37.

./sections/Protocols.tex:42: Undefined control sequence.
l.42     \lean
              {ABA.Core}
The control sequence at the end of the top line
of your error message was never \def'ed. If you have
misspelled it (e.g., `\hobx'), type `I' and the correct
spelling (e.g., `I\hbox'). Otherwise just continue,
and I'll forget about whatever was undefined.


LaTeX Warning: Reference `alg:ABA' on page 7 undefined on input line 45.

./sections/Protocols.tex:51: Undefined control sequence.
l.51     \lean
              {ABA.Spec}
The control sequence at the end of the top line
of your error message was never \def'ed. If you have
misspelled it (e.g., `\hobx'), type `I' and the correct
spelling (e.g., `I\hbox'). Otherwise just continue,
and I'll forget about whatever was undefined.


LaTeX Warning: Reference `PLTS:ABA' on page 7 undefined on input line 54.

./sections/Protocols.tex:62: Undefined control sequence.
l.62     \lean
              {ABA.Impl}
The control sequence at the end of the top line
of your error message was never \def'ed. If you have
misspelled it (e.g., `\hobx'), type `I' and the correct
spelling (e.g., `I\hbox'). Otherwise just continue,
and I'll forget about whatever was undefined.

./sections/Protocols.tex:65: Undefined control sequence.
l.65     \uses
              {ABA:Core, GBCA:Impl, WCC:Impl}
The control sequence at the end of the top line
of your error message was never \def'ed. If you have
misspelled it (e.g., `\hobx'), type `I' and the correct
spelling (e.g., `I\hbox'). Otherwise just continue,
and I'll forget about whatever was undefined.

./sections/Protocols.tex:77: Undefined control sequence.
l.77     \lean
              {ABA.Hybrid}
The control sequence at the end of the top line
of your error message was never \def'ed. If you have
misspelled it (e.g., `\hobx'), type `I' and the correct
spelling (e.g., `I\hbox'). Otherwise just continue,
and I'll forget about whatever was undefined.

./sections/Protocols.tex:80: Undefined control sequence.
l.80     \uses
              {ABA:Core, GBCA:Spec, WCC:Spec}
The control sequence at the end of the top line
of your error message was never \def'ed. If you have
misspelled it (e.g., `\hobx'), type `I' and the correct
spelling (e.g., `I\hbox'). Otherwise just continue,
and I'll forget about whatever was undefined.


Overfull \hbox (102.05725pt too wide) in paragraph at lines 90--94
\TU/lmr/m/n/10 Processes start with a binary input $\OMS/cmsy/m/n/10 f\OT1/cmr/m/n/10 0\OML/cmm/m/it/10 ; \OT1/cmr/m/n/10 1\OMS/cmsy/m/n/10 g$ \TU/lmr/m/n/10 and may return a value in $\OMS/cmsy/m/n/10 f\OT1/cmr/m/n/10 (0\OML/cmm/m/it/10 ; A\OT1/cmr/m/n/10 )\OML/cmm/m/it/10 ; \OT1/cmr/m/n/10 (0\OML/cmm/m/it/10 ; B\OT1/cmr/m/n/10 )\OML/cmm/m/it/10 ; \OT1/cmr/m/n/10 (\OMS/cmsy/m/n/10 ?\OML/cmm/m/it/10 ; C\OT1/cmr/m/n/10 )\OML/cmm/m/it/10 ; \OT1/cmr/m/n/10 (1\OML/cmm/m/it/10 ; B\OT1/cmr/m/n/10 )\OML/cmm/m/it/10 ; \OT1/cmr/m/n/10 (1\OML/cmm/m/it/10 ; A\OT1/cmr/m/n/10 )\OMS/cmsy/m/n/10 g$\TU/lmr/m/n/10 .
 []

[7]

LaTeX Warning: Citation `Abraham2022Efficient' on page 8 undefined on input line 105.


LaTeX Warning: Reference `alg:GBCA' on page 8 undefined on input line 111.

./sections/Protocols.tex:116: Undefined control sequence.
l.116     \lean
               {GBCA.Impl}
The control sequence at the end of the top line
of your error message was never \def'ed. If you have
misspelled it (e.g., `\hobx'), type `I' and the correct
spelling (e.g., `I\hbox'). Otherwise just continue,
and I'll forget about whatever was undefined.


LaTeX Warning: Reference `alg:GBCA' on page 8 undefined on input line 119.

./sections/Protocols.tex:125: Undefined control sequence.
l.125     \lean
               {GBCA.Spec}
The control sequence at the end of the top line
of your error message was never \def'ed. If you have
misspelled it (e.g., `\hobx'), type `I' and the correct
spelling (e.g., `I\hbox'). Otherwise just continue,
and I'll forget about whatever was undefined.


LaTeX Warning: Reference `PLTS:GBCA' on page 8 undefined on input line 128.


LaTeX Warning: Citation `Freitas2022Distributed' on page 8 undefined on input line 149.

./sections/Protocols.tex:160: Undefined control sequence.
l.160     \lean
               {WCC.Core}
The control sequence at the end of the top line
of your error message was never \def'ed. If you have
misspelled it (e.g., `\hobx'), type `I' and the correct
spelling (e.g., `I\hbox'). Otherwise just continue,
and I'll forget about whatever was undefined.


LaTeX Warning: Reference `alg:WCC' on page 8 undefined on input line 163.

[8]
./sections/Protocols.tex:169: Undefined control sequence.
l.169     \lean
               {WCC.Spec}
The control sequence at the end of the top line
of your error message was never \def'ed. If you have
misspelled it (e.g., `\hobx'), type `I' and the correct
spelling (e.g., `I\hbox'). Otherwise just continue,
and I'll forget about whatever was undefined.


LaTeX Warning: Reference `PLTS:WCC' on page 9 undefined on input line 172.

./sections/Protocols.tex:182: Undefined control sequence.
l.182     \lean
               {WCC.Impl}
The control sequence at the end of the top line
of your error message was never \def'ed. If you have
misspelled it (e.g., `\hobx'), type `I' and the correct
spelling (e.g., `I\hbox'). Otherwise just continue,
and I'll forget about whatever was undefined.

./sections/Protocols.tex:185: Undefined control sequence.
l.185     \uses
               {WCC:Core, Gather:Impl, SRSD:Impl}
The control sequence at the end of the top line
of your error message was never \def'ed. If you have
misspelled it (e.g., `\hobx'), type `I' and the correct
spelling (e.g., `I\hbox'). Otherwise just continue,
and I'll forget about whatever was undefined.

./sections/Protocols.tex:197: Undefined control sequence.
l.197     \lean
               {WCC.Hybrid}
The control sequence at the end of the top line
of your error message was never \def'ed. If you have
misspelled it (e.g., `\hobx'), type `I' and the correct
spelling (e.g., `I\hbox'). Otherwise just continue,
and I'll forget about whatever was undefined.

./sections/Protocols.tex:200: Undefined control sequence.
l.200     \uses
               {WCC:Core, Gather:Spec, SRSD:Spec}
The control sequence at the end of the top line
of your error message was never \def'ed. If you have
misspelled it (e.g., `\hobx'), type `I' and the correct
spelling (e.g., `I\hbox'). Otherwise just continue,
and I'll forget about whatever was undefined.


LaTeX Warning: Citation `Attiya2025Beyond' on page 9 undefined on input line 226.

./sections/Protocols.tex:237: Undefined control sequence.
l.237     \lean
               {Gather.Core}
The control sequence at the end of the top line
of your error message was never \def'ed. If you have
misspelled it (e.g., `\hobx'), type `I' and the correct
spelling (e.g., `I\hbox'). Otherwise just continue,
and I'll forget about whatever was undefined.

[9]

LaTeX Warning: Reference `alg:Gather' on page 10 undefined on input line 240.

./sections/Protocols.tex:246: Undefined control sequence.
l.246     \lean
               {Gather.Spec}
The control sequence at the end of the top line
of your error message was never \def'ed. If you have
misspelled it (e.g., `\hobx'), type `I' and the correct
spelling (e.g., `I\hbox'). Otherwise just continue,
and I'll forget about whatever was undefined.


LaTeX Warning: Reference `PLTS:Gather' on page 10 undefined on input line 249.

./sections/Protocols.tex:257: Undefined control sequence.
l.257     \lean
               {Gather.Impl}
The control sequence at the end of the top line
of your error message was never \def'ed. If you have
misspelled it (e.g., `\hobx'), type `I' and the correct
spelling (e.g., `I\hbox'). Otherwise just continue,
and I'll forget about whatever was undefined.

./sections/Protocols.tex:259: Undefined control sequence.
l.259     \uses
               {Gather:Core, BRB:Impl}
The control sequence at the end of the top line
of your error message was never \def'ed. If you have
misspelled it (e.g., `\hobx'), type `I' and the correct
spelling (e.g., `I\hbox'). Otherwise just continue,
and I'll forget about whatever was undefined.

./sections/Protocols.tex:269: Undefined control sequence.
l.269     \lean
               {Gather.Hybrid}
The control sequence at the end of the top line
of your error message was never \def'ed. If you have
misspelled it (e.g., `\hobx'), type `I' and the correct
spelling (e.g., `I\hbox'). Otherwise just continue,
and I'll forget about whatever was undefined.

./sections/Protocols.tex:271: Undefined control sequence.
l.271     \uses
               {Gather:Core, BRB:Spec}
The control sequence at the end of the top line
of your error message was never \def'ed. If you have
misspelled it (e.g., `\hobx'), type `I' and the correct
spelling (e.g., `I\hbox'). Otherwise just continue,
and I'll forget about whatever was undefined.

./sections/Protocols.tex:300: Undefined control sequence.
l.300 \textcolor
                {red}{\large No Agreement properties ???}
The control sequence at the end of the top line
of your error message was never \def'ed. If you have
misspelled it (e.g., `\hobx'), type `I' and the correct
spelling (e.g., `I\hbox'). Otherwise just continue,
and I'll forget about whatever was undefined.


LaTeX Warning: Citation `Freitas2022Distributed' on page 10 undefined on input line 302.

./sections/Protocols.tex:313: Undefined control sequence.
l.313     \lean
               {SRSD.Core}
The control sequence at the end of the top line
of your error message was never \def'ed. If you have
misspelled it (e.g., `\hobx'), type `I' and the correct
spelling (e.g., `I\hbox'). Otherwise just continue,
and I'll forget about whatever was undefined.

[10]

LaTeX Warning: Reference `alg:SRSD' on page 11 undefined on input line 316.

./sections/Protocols.tex:324: Undefined control sequence.
l.324     \lean
               {SRSD.Spec}
The control sequence at the end of the top line
of your error message was never \def'ed. If you have
misspelled it (e.g., `\hobx'), type `I' and the correct
spelling (e.g., `I\hbox'). Otherwise just continue,
and I'll forget about whatever was undefined.


LaTeX Warning: Reference `PLTS:SRSD' on page 11 undefined on input line 327.

./sections/Protocols.tex:336: Undefined control sequence.
l.336     \lean
               {SRSD.Impl}
The control sequence at the end of the top line
of your error message was never \def'ed. If you have
misspelled it (e.g., `\hobx'), type `I' and the correct
spelling (e.g., `I\hbox'). Otherwise just continue,
and I'll forget about whatever was undefined.

./sections/Protocols.tex:339: Undefined control sequence.
l.339     \uses
               {SRSD:Core, BRB:Impl, AVSS:Spec}
The control sequence at the end of the top line
of your error message was never \def'ed. If you have
misspelled it (e.g., `\hobx'), type `I' and the correct
spelling (e.g., `I\hbox'). Otherwise just continue,
and I'll forget about whatever was undefined.

./sections/Protocols.tex:352: Undefined control sequence.
l.352     \lean
               {SRSD.Hybrid}
The control sequence at the end of the top line
of your error message was never \def'ed. If you have
misspelled it (e.g., `\hobx'), type `I' and the correct
spelling (e.g., `I\hbox'). Otherwise just continue,
and I'll forget about whatever was undefined.

./sections/Protocols.tex:355: Undefined control sequence.
l.355     \uses
               {SRSD:Core, BRB:Spec, AVSS:Spec}
The control sequence at the end of the top line
of your error message was never \def'ed. If you have
misspelled it (e.g., `\hobx'), type `I' and the correct
spelling (e.g., `I\hbox'). Otherwise just continue,
and I'll forget about whatever was undefined.


LaTeX Warning: Citation `Bracha1987Asynchronous' on page 11 undefined on input line 379.


LaTeX Warning: Reference `alg:BRB' on page 11 undefined on input line 384.

[11]
./sections/Protocols.tex:389: Undefined control sequence.
l.389     \lean
               {BRB.Impl}
The control sequence at the end of the top line
of your error message was never \def'ed. If you have
misspelled it (e.g., `\hobx'), type `I' and the correct
spelling (e.g., `I\hbox'). Otherwise just continue,
and I'll forget about whatever was undefined.


LaTeX Warning: Reference `alg:BRB' on page 12 undefined on input line 392.

./sections/Protocols.tex:398: Undefined control sequence.
l.398     \lean
               {BRB.Spec}
The control sequence at the end of the top line
of your error message was never \def'ed. If you have
misspelled it (e.g., `\hobx'), type `I' and the correct
spelling (e.g., `I\hbox'). Otherwise just continue,
and I'll forget about whatever was undefined.


LaTeX Warning: Reference `PLTS:BRB' on page 12 undefined on input line 402.


LaTeX Warning: Citation `Canetti1993Fast' on page 12 undefined on input line 440.


LaTeX Warning: Citation `Canetti1993Fast' on page 12 undefined on input line 451.

[12]
./sections/Protocols.tex:455: Undefined control sequence.
l.455     \lean
               {AVSS.Spec}
The control sequence at the end of the top line
of your error message was never \def'ed. If you have
misspelled it (e.g., `\hobx'), type `I' and the correct
spelling (e.g., `I\hbox'). Otherwise just continue,
and I'll forget about whatever was undefined.


LaTeX Warning: Reference `PLTS:AVSS' on page 13 undefined on input line 458.

) (./sections/ProofStructure.tex
./sections/ProofStructure.tex:23: Undefined control sequence.
l.23     \lean
              {ABA.Correct}
The control sequence at the end of the top line
of your error message was never \def'ed. If you have
misspelled it (e.g., `\hobx'), type `I' and the correct
spelling (e.g., `I\hbox'). Otherwise just continue,
and I'll forget about whatever was undefined.

./sections/ProofStructure.tex:25: Undefined control sequence.
l.25     \uses
              {ABA:Impl, ABA:Spec}
The control sequence at the end of the top line
of your error message was never \def'ed. If you have
misspelled it (e.g., `\hobx'), type `I' and the correct
spelling (e.g., `I\hbox'). Otherwise just continue,
and I'll forget about whatever was undefined.

LaTeX Font Info:    Font shape `TU/lmss/m/it' in size <10> not available
(Font)              Font shape `TU/lmss/m/sl' tried instead on input line 26.
./sections/ProofStructure.tex:29: Undefined control sequence.
<recently read> \uses 
                      
l.29     \uses
              {thm:ABASim,thm:Segala}
The control sequence at the end of the top line
of your error message was never \def'ed. If you have
misspelled it (e.g., `\hobx'), type `I' and the correct
spelling (e.g., `I\hbox'). Otherwise just continue,
and I'll forget about whatever was undefined.


LaTeX Warning: Reference `thm:ABASim' on page 13 undefined on input line 30.


LaTeX Warning: Reference `thm:Segala' on page 13 undefined on input line 33.


Overfull \hbox (17.38391pt too wide) in paragraph at lines 29--35
[]\TU/lmr/m/n/10 thm:ABASim,thm:Segala According to Theorem [], \TU/lmss/m/n/10 ABA.Impl $\OMS/cmsy/m/n/10 v[]$ \TU/lmss/m/n/10 ABA.Spec\TU/lmr/m/n/10 .
 []

./sections/ProofStructure.tex:40: Undefined control sequence.
l.40     \lean
              {ABA.Sim}
The control sequence at the end of the top line
of your error message was never \def'ed. If you have
misspelled it (e.g., `\hobx'), type `I' and the correct
spelling (e.g., `I\hbox'). Otherwise just continue,
and I'll forget about whatever was undefined.

./sections/ProofStructure.tex:42: Undefined control sequence.
l.42     \uses
              {ABA:Impl, ABA:Spec}
The control sequence at the end of the top line
of your error message was never \def'ed. If you have
misspelled it (e.g., `\hobx'), type `I' and the correct
spelling (e.g., `I\hbox'). Otherwise just continue,
and I'll forget about whatever was undefined.

./sections/ProofStructure.tex:46: Undefined control sequence.
<recently read> \uses 
                      
l.46     \uses
              {lem:ABASubst, lem:ABACore}
The control sequence at the end of the top line
of your error message was never \def'ed. If you have
misspelled it (e.g., `\hobx'), type `I' and the correct
spelling (e.g., `I\hbox'). Otherwise just continue,
and I'll forget about whatever was undefined.


LaTeX Warning: Reference `lem:ABACore' on page 13 undefined on input line 47.


LaTeX Warning: Reference `lem:ABASubst' on page 13 undefined on input line 47.

[13]
./sections/ProofStructure.tex:51: Undefined control sequence.
l.51     \lean
              {ABA.SubstSim}
The control sequence at the end of the top line
of your error message was never \def'ed. If you have
misspelled it (e.g., `\hobx'), type `I' and the correct
spelling (e.g., `I\hbox'). Otherwise just continue,
and I'll forget about whatever was undefined.

./sections/ProofStructure.tex:53: Undefined control sequence.
l.53     \uses
              {ABA:Impl, ABA:Hybrid}
The control sequence at the end of the top line
of your error message was never \def'ed. If you have
misspelled it (e.g., `\hobx'), type `I' and the correct
spelling (e.g., `I\hbox'). Otherwise just continue,
and I'll forget about whatever was undefined.

./sections/ProofStructure.tex:57: Undefined control sequence.
<recently read> \uses 
                      
l.57     \uses
              {thm:GBCASim, thm:WCCSim, lem:precong}
The control sequence at the end of the top line
of your error message was never \def'ed. If you have
misspelled it (e.g., `\hobx'), type `I' and the correct
spelling (e.g., `I\hbox'). Otherwise just continue,
and I'll forget about whatever was undefined.


LaTeX Warning: Reference `thm:partialinfocompo' on page 14 undefined on input line 61.


LaTeX Warning: Reference `thm:GBCASim' on page 14 undefined on input line 63.


LaTeX Warning: Reference `thm:WCCSim' on page 14 undefined on input line 63.


LaTeX Warning: Reference `lem:precong' on page 14 undefined on input line 64.


LaTeX Warning: Reference `lem:abstract' on page 14 undefined on input line 64.

./sections/ProofStructure.tex:69: Undefined control sequence.
l.69     \lean
              {ABA.CoreSim}
The control sequence at the end of the top line
of your error message was never \def'ed. If you have
misspelled it (e.g., `\hobx'), type `I' and the correct
spelling (e.g., `I\hbox'). Otherwise just continue,
and I'll forget about whatever was undefined.

./sections/ProofStructure.tex:71: Undefined control sequence.
l.71     \uses
              {ABA:Hybrid, ABA:Spec}
The control sequence at the end of the top line
of your error message was never \def'ed. If you have
misspelled it (e.g., `\hobx'), type `I' and the correct
spelling (e.g., `I\hbox'). Otherwise just continue,
and I'll forget about whatever was undefined.

./sections/ProofStructure.tex:75: Undefined control sequence.
<recently read> \uses 
                      
l.75     \uses
              {thm:Segala}
The control sequence at the end of the top line
of your error message was never \def'ed. If you have
misspelled it (e.g., `\hobx'), type `I' and the correct
spelling (e.g., `I\hbox'). Otherwise just continue,
and I'll forget about whatever was undefined.


LaTeX Warning: Reference `thm:Segala' on page 14 undefined on input line 77.

./sections/ProofStructure.tex:85: Undefined control sequence.
l.85     \lean
              {WCC.Sim}
The control sequence at the end of the top line
of your error message was never \def'ed. If you have
misspelled it (e.g., `\hobx'), type `I' and the correct
spelling (e.g., `I\hbox'). Otherwise just continue,
and I'll forget about whatever was undefined.

./sections/ProofStructure.tex:87: Undefined control sequence.
l.87     \uses
              {WCC:Impl, WCC:Spec}
The control sequence at the end of the top line
of your error message was never \def'ed. If you have
misspelled it (e.g., `\hobx'), type `I' and the correct
spelling (e.g., `I\hbox'). Otherwise just continue,
and I'll forget about whatever was undefined.

./sections/ProofStructure.tex:91: Undefined control sequence.
<recently read> \uses 
                      
l.91     \uses
              {lem:WCCSubst, lem:WCCCore}
The control sequence at the end of the top line
of your error message was never \def'ed. If you have
misspelled it (e.g., `\hobx'), type `I' and the correct
spelling (e.g., `I\hbox'). Otherwise just continue,
and I'll forget about whatever was undefined.


LaTeX Warning: Reference `lem:WCCCore' on page 14 undefined on input line 92.


LaTeX Warning: Reference `lem:WCCSubst' on page 14 undefined on input line 92.

./sections/ProofStructure.tex:96: Undefined control sequence.
l.96     \lean
              {WCC.SubstSim}
The control sequence at the end of the top line
of your error message was never \def'ed. If you have
misspelled it (e.g., `\hobx'), type `I' and the correct
spelling (e.g., `I\hbox'). Otherwise just continue,
and I'll forget about whatever was undefined.

./sections/ProofStructure.tex:98: Undefined control sequence.
l.98     \uses
              {WCC:Impl, WCC:Hybrid}
The control sequence at the end of the top line
of your error message was never \def'ed. If you have
misspelled it (e.g., `\hobx'), type `I' and the correct
spelling (e.g., `I\hbox'). Otherwise just continue,
and I'll forget about whatever was undefined.


Overfull \hbox (9.9673pt too wide) in paragraph at lines 96--100
[]\TU/lmr/bx/n/10 Lemma 14. \TU/lmr/m/it/10 WCC.SubstSim WCC:Impl, WCC:Hybrid \TU/lmss/m/sl/10 WCC.Impl $\OMS/cmsy/m/n/10 v[]$ \TU/lmss/m/sl/10 WCC.Hybrid\TU/lmr/m/it/10 . 
 []

./sections/ProofStructure.tex:102: Undefined control sequence.
<recently read> \uses 
                      
l.102     \uses
               {thm:SRSDSim, thm:GBCASim, lem:precong}
The control sequence at the end of the top line
of your error message was never \def'ed. If you have
misspelled it (e.g., `\hobx'), type `I' and the correct
spelling (e.g., `I\hbox'). Otherwise just continue,
and I'll forget about whatever was undefined.


LaTeX Warning: Reference `thm:partialinfocompo' on page 14 undefined on input line 107.


LaTeX Warning: Reference `thm:SRSDSim' on page 14 undefined on input line 109.


LaTeX Warning: Reference `thm:GatherSim' on page 14 undefined on input line 109.


LaTeX Warning: Reference `lem:precong' on page 14 undefined on input line 110.


LaTeX Warning: Reference `lem:abstract' on page 14 undefined on input line 110.

./sections/ProofStructure.tex:115: Undefined control sequence.
l.115     \lean
               {WCC.CoreSim}
The control sequence at the end of the top line
of your error message was never \def'ed. If you have
misspelled it (e.g., `\hobx'), type `I' and the correct
spelling (e.g., `I\hbox'). Otherwise just continue,
and I'll forget about whatever was undefined.

./sections/ProofStructure.tex:117: Undefined control sequence.
l.117     \uses
               {WCC:Hybrid, WCC:Spec}
The control sequence at the end of the top line
of your error message was never \def'ed. If you have
misspelled it (e.g., `\hobx'), type `I' and the correct
spelling (e.g., `I\hbox'). Otherwise just continue,
and I'll forget about whatever was undefined.


Overfull \hbox (8.35728pt too wide) in paragraph at lines 115--119
[]\TU/lmr/bx/n/10 Lemma 15. \TU/lmr/m/it/10 WCC.CoreSim WCC:Hybrid, WCC:Spec \TU/lmss/m/sl/10 WCC.Hybrid $\OMS/cmsy/m/n/10 v[]$ \TU/lmss/m/sl/10 WCC.Spec\TU/lmr/m/it/10 . 
 []

./sections/ProofStructure.tex:121: Undefined control sequence.
<recently read> \uses 
                      
l.121     \uses
               {thm:Segala}
The control sequence at the end of the top line
of your error message was never \def'ed. If you have
misspelled it (e.g., `\hobx'), type `I' and the correct
spelling (e.g., `I\hbox'). Otherwise just continue,
and I'll forget about whatever was undefined.


LaTeX Warning: Reference `thm:Segala' on page 14 undefined on input line 123.

./sections/ProofStructure.tex:131: Undefined control sequence.
l.131     \lean
               {GBCA.Sim}
The control sequence at the end of the top line
of your error message was never \def'ed. If you have
misspelled it (e.g., `\hobx'), type `I' and the correct
spelling (e.g., `I\hbox'). Otherwise just continue,
and I'll forget about whatever was undefined.

./sections/ProofStructure.tex:133: Undefined control sequence.
l.133     \uses
               {impl:GBCA, GBCA:Spec}
The control sequence at the end of the top line
of your error message was never \def'ed. If you have
misspelled it (e.g., `\hobx'), type `I' and the correct
spelling (e.g., `I\hbox'). Otherwise just continue,
and I'll forget about whatever was undefined.


Overfull \hbox (0.82863pt too wide) in paragraph at lines 131--135
[]\TU/lmr/bx/n/10 Theorem 16. \TU/lmr/m/it/10 GBCA.Sim impl:GBCA, GBCA:Spec \TU/lmss/m/sl/10 GBCA.Impl $\OMS/cmsy/m/n/10 v[]$ \TU/lmss/m/sl/10 GBCA.Spec\TU/lmr/m/it/10 . 
 []

./sections/ProofStructure.tex:137: Undefined control sequence.
<recently read> \uses 
                      
l.137     \uses
               {lem:weaksim}
The control sequence at the end of the top line
of your error message was never \def'ed. If you have
misspelled it (e.g., `\hobx'), type `I' and the correct
spelling (e.g., `I\hbox'). Otherwise just continue,
and I'll forget about whatever was undefined.


LaTeX Warning: Reference `lem:weaksim' on page 14 undefined on input line 139.

[14]
./sections/ProofStructure.tex:147: Undefined control sequence.
l.147     \lean
               {Gather.Sim}
The control sequence at the end of the top line
of your error message was never \def'ed. If you have
misspelled it (e.g., `\hobx'), type `I' and the correct
spelling (e.g., `I\hbox'). Otherwise just continue,
and I'll forget about whatever was undefined.

./sections/ProofStructure.tex:149: Undefined control sequence.
l.149     \uses
               {Gather:Impl, Gather:Spec}
The control sequence at the end of the top line
of your error message was never \def'ed. If you have
misspelled it (e.g., `\hobx'), type `I' and the correct
spelling (e.g., `I\hbox'). Otherwise just continue,
and I'll forget about whatever was undefined.


Overfull \hbox (7.4873pt too wide) in paragraph at lines 147--151
[]\TU/lmr/bx/n/10 Theorem 17. \TU/lmr/m/it/10 Gather.Sim Gather:Impl, Gather:Spec \TU/lmss/m/sl/10 Gather.Impl $\OMS/cmsy/m/n/10 v[]$ \TU/lmss/m/sl/10 Gather.Spec\TU/lmr/m/it/10 . 
 []

./sections/ProofStructure.tex:153: Undefined control sequence.
<recently read> \uses 
                      
l.153     \uses
               {lem:GatherSubst, lem:GatherCore}
The control sequence at the end of the top line
of your error message was never \def'ed. If you have
misspelled it (e.g., `\hobx'), type `I' and the correct
spelling (e.g., `I\hbox'). Otherwise just continue,
and I'll forget about whatever was undefined.


LaTeX Warning: Reference `lem:GatherCore' on page 15 undefined on input line 154.


LaTeX Warning: Reference `lem:GatherSubst' on page 15 undefined on input line 155.


Overfull \hbox (7.8639pt too wide) in paragraph at lines 153--156
[]\TU/lmr/m/n/10 lem:GatherSubst, lem:GatherCore Trivial by transitivity of $\OMS/cmsy/m/n/10 v[]$ \TU/lmr/m/n/10 and Lemma
 []

./sections/ProofStructure.tex:159: Undefined control sequence.
l.159     \lean
               {Gather.SubstSim}
The control sequence at the end of the top line
of your error message was never \def'ed. If you have
misspelled it (e.g., `\hobx'), type `I' and the correct
spelling (e.g., `I\hbox'). Otherwise just continue,
and I'll forget about whatever was undefined.

./sections/ProofStructure.tex:161: Undefined control sequence.
l.161     \uses
               {Gather:Impl, Gather:Hybrid}
The control sequence at the end of the top line
of your error message was never \def'ed. If you have
misspelled it (e.g., `\hobx'), type `I' and the correct
spelling (e.g., `I\hbox'). Otherwise just continue,
and I'll forget about whatever was undefined.


Overfull \hbox (40.47731pt too wide) in paragraph at lines 159--163
[]\TU/lmr/bx/n/10 Lemma 18. \TU/lmr/m/it/10 Gather.SubstSim Gather:Impl, Gather:Hybrid \TU/lmss/m/sl/10 Gather.Impl $\OMS/cmsy/m/n/10 v[]$ \TU/lmss/m/sl/10 Gather.Hybrid\TU/lmr/m/it/10 . 
 []

./sections/ProofStructure.tex:165: Undefined control sequence.
<recently read> \uses 
                      
l.165     \uses
               {thm:BRBSim, lem:precong}
The control sequence at the end of the top line
of your error message was never \def'ed. If you have
misspelled it (e.g., `\hobx'), type `I' and the correct
spelling (e.g., `I\hbox'). Otherwise just continue,
and I'll forget about whatever was undefined.


LaTeX Warning: Reference `thm:BRBSim' on page 15 undefined on input line 167.


LaTeX Warning: Reference `lem:precong' on page 15 undefined on input line 168.


LaTeX Warning: Reference `lem:abstract' on page 15 undefined on input line 168.

./sections/ProofStructure.tex:173: Undefined control sequence.
l.173     \lean
               {Gather.CoreSim}
The control sequence at the end of the top line
of your error message was never \def'ed. If you have
misspelled it (e.g., `\hobx'), type `I' and the correct
spelling (e.g., `I\hbox'). Otherwise just continue,
and I'll forget about whatever was undefined.

./sections/ProofStructure.tex:175: Undefined control sequence.
l.175     \uses
               {Gather:Hybrid, Gather:Spec}
The control sequence at the end of the top line
of your error message was never \def'ed. If you have
misspelled it (e.g., `\hobx'), type `I' and the correct
spelling (e.g., `I\hbox'). Otherwise just continue,
and I'll forget about whatever was undefined.

./sections/ProofStructure.tex:179: Undefined control sequence.
<recently read> \uses 
                      
l.179     \uses
               {lem:weaksim}
The control sequence at the end of the top line
of your error message was never \def'ed. If you have
misspelled it (e.g., `\hobx'), type `I' and the correct
spelling (e.g., `I\hbox'). Otherwise just continue,
and I'll forget about whatever was undefined.


LaTeX Warning: Reference `lem:weaksim' on page 15 undefined on input line 181.

./sections/ProofStructure.tex:189: Undefined control sequence.
l.189     \lean
               {SRSD.Sim}
The control sequence at the end of the top line
of your error message was never \def'ed. If you have
misspelled it (e.g., `\hobx'), type `I' and the correct
spelling (e.g., `I\hbox'). Otherwise just continue,
and I'll forget about whatever was undefined.

./sections/ProofStructure.tex:191: Undefined control sequence.
l.191     \uses
               {SRSD:Impl, SRSD:Spec}
The control sequence at the end of the top line
of your error message was never \def'ed. If you have
misspelled it (e.g., `\hobx'), type `I' and the correct
spelling (e.g., `I\hbox'). Otherwise just continue,
and I'll forget about whatever was undefined.

./sections/ProofStructure.tex:195: Undefined control sequence.
<recently read> \uses 
                      
l.195     \uses
               {lem:SRSDSubst, lem:SRSDCore}
The control sequence at the end of the top line
of your error message was never \def'ed. If you have
misspelled it (e.g., `\hobx'), type `I' and the correct
spelling (e.g., `I\hbox'). Otherwise just continue,
and I'll forget about whatever was undefined.


LaTeX Warning: Reference `lem:SRSDCore' on page 15 undefined on input line 196.


LaTeX Warning: Reference `lem:SRSDSubst' on page 15 undefined on input line 196.

./sections/ProofStructure.tex:201: Undefined control sequence.
l.201     \lean
               {SRSD.SubstSim}
The control sequence at the end of the top line
of your error message was never \def'ed. If you have
misspelled it (e.g., `\hobx'), type `I' and the correct
spelling (e.g., `I\hbox'). Otherwise just continue,
and I'll forget about whatever was undefined.

./sections/ProofStructure.tex:203: Undefined control sequence.
l.203     \uses
               {SRSD:Impl, SRSD:Hybrid}
The control sequence at the end of the top line
of your error message was never \def'ed. If you have
misspelled it (e.g., `\hobx'), type `I' and the correct
spelling (e.g., `I\hbox'). Otherwise just continue,
and I'll forget about whatever was undefined.


Overfull \hbox (21.7773pt too wide) in paragraph at lines 201--205
[]\TU/lmr/bx/n/10 Lemma 21. \TU/lmr/m/it/10 SRSD.SubstSim SRSD:Impl, SRSD:Hybrid \TU/lmss/m/sl/10 SRSD.Impl $\OMS/cmsy/m/n/10 v[]$ \TU/lmss/m/sl/10 SRSD.Hybrid\TU/lmr/m/it/10 . 
 []

./sections/ProofStructure.tex:207: Undefined control sequence.
<recently read> \uses 
                      
l.207     \uses
               {thm:BRBSim,thm:partialinfocompo}
The control sequence at the end of the top line
of your error message was never \def'ed. If you have
misspelled it (e.g., `\hobx'), type `I' and the correct
spelling (e.g., `I\hbox'). Otherwise just continue,
and I'll forget about whatever was undefined.


LaTeX Warning: Reference `thm:partialinfocompo' on page 15 undefined on input line 210.


LaTeX Warning: Reference `thm:BRBSim' on page 15 undefined on input line 212.


LaTeX Warning: Reference `lem:precong' on page 15 undefined on input line 213.


LaTeX Warning: Reference `lem:abstract' on page 15 undefined on input line 213.


Overfull \hbox (6.342pt too wide) in paragraph at lines 207--215
[]\TU/lmr/m/n/10 thm:BRBSim,thm:partialinfocompo Before abstraction, both systems only
 []


Overfull \hbox (4.48201pt too wide) in paragraph at lines 207--215
\TU/lmr/m/n/10 differ by replacing \TU/lmss/m/n/10 BRB.Impl \TU/lmr/m/n/10 by \TU/lmss/m/n/10 BRB.Spec\TU/lmr/m/n/10 . However, they are partial-information,
 []

./sections/ProofStructure.tex:218: Undefined control sequence.
l.218     \lean
               {SRSD.CoreSim}
The control sequence at the end of the top line
of your error message was never \def'ed. If you have
misspelled it (e.g., `\hobx'), type `I' and the correct
spelling (e.g., `I\hbox'). Otherwise just continue,
and I'll forget about whatever was undefined.

./sections/ProofStructure.tex:220: Undefined control sequence.
l.220     \uses
               {SRSD:Hybrid, SRSD:Spec}
The control sequence at the end of the top line
of your error message was never \def'ed. If you have
misspelled it (e.g., `\hobx'), type `I' and the correct
spelling (e.g., `I\hbox'). Otherwise just continue,
and I'll forget about whatever was undefined.


Overfull \hbox (20.16728pt too wide) in paragraph at lines 218--222
[]\TU/lmr/bx/n/10 Lemma 22. \TU/lmr/m/it/10 SRSD.CoreSim SRSD:Hybrid, SRSD:Spec \TU/lmss/m/sl/10 SRSD.Hybrid $\OMS/cmsy/m/n/10 v[]$ \TU/lmss/m/sl/10 SRSD.Spec\TU/lmr/m/it/10 . 
 []

./sections/ProofStructure.tex:224: Undefined control sequence.
<recently read> \uses 
                      
l.224     \uses
               {thm:partialinfosound, thm:Segala}
The control sequence at the end of the top line
of your error message was never \def'ed. If you have
misspelled it (e.g., `\hobx'), type `I' and the correct
spelling (e.g., `I\hbox'). Otherwise just continue,
and I'll forget about whatever was undefined.


LaTeX Warning: Reference `thm:partialinfosound' on page 15 undefined on input line 227.


LaTeX Warning: Reference `thm:Segala' on page 15 undefined on input line 228.


Overfull \hbox (6.39203pt too wide) in paragraph at lines 224--231
\TU/lmr/m/n/10 cause \TU/lmss/m/n/10 SRSD.Impl \TU/lmr/m/n/10 and \TU/lmss/m/n/10 AVSS.Spec \TU/lmr/m/n/10 also are. However, \TU/lmss/m/n/10 SRSD.Spec \TU/lmr/m/n/10 is full-information.
 []

./sections/ProofStructure.tex:237: Undefined control sequence.
l.237     \lean
               {BRB.Sim}
The control sequence at the end of the top line
of your error message was never \def'ed. If you have
misspelled it (e.g., `\hobx'), type `I' and the correct
spelling (e.g., `I\hbox'). Otherwise just continue,
and I'll forget about whatever was undefined.

./sections/ProofStructure.tex:239: Undefined control sequence.
l.239     \uses
               {impl:BRB, BRB:Spec}
The control sequence at the end of the top line
of your error message was never \def'ed. If you have
misspelled it (e.g., `\hobx'), type `I' and the correct
spelling (e.g., `I\hbox'). Otherwise just continue,
and I'll forget about whatever was undefined.

[15]
./sections/ProofStructure.tex:243: Undefined control sequence.
<recently read> \uses 
                      
l.243     \uses
               {lem:weaksim}
The control sequence at the end of the top line
of your error message was never \def'ed. If you have
misspelled it (e.g., `\hobx'), type `I' and the correct
spelling (e.g., `I\hbox'). Otherwise just continue,
and I'll forget about whatever was undefined.


LaTeX Warning: Reference `lem:weaksim' on page 16 undefined on input line 245.

) (./web.bbl [16]
Underfull \hbox (badness 10000) in paragraph at lines 56--61
[][][][][][][][][][][][][][][][][][][][][][][][][][][][][][][][][][][][][][][][][][][][][][][][][][][][][][][][][][][][][]$[]\TU/lmr/m/n/10 ,
 []

[17

]
Underfull \hbox (badness 6910) in paragraph at lines 63--68
[]\TU/lmr/m/n/10 Gilad Stern and Ittai Abraham.  Gather with binding
 []

) (./sections/Algorithm.tex [18] Excluding 'algorithm' comment. Excluding 'algorithm' comment. Excluding 'algorithm' comment. Excluding 'algorithm' comment. Excluding 'algorithm' comment. Excluding 'algorithm' comment.) (./sections/Specification.tex [19

]

./sections/Specification.tex:4: LaTeX Error: Environment transys undefined.

See the LaTeX manual or LaTeX Companion for explanation.
Type  H <return>  for immediate help.
 ...                                              
                                                  
l.4 \begin{transys}
                   
Your command was ignored.
Type  I <command> <return>  to replace it with another command,
or  <return>  to continue without it.


./sections/Specification.tex:6: LaTeX Error: \caption outside float.

See the LaTeX manual or LaTeX Companion for explanation.
Type  H <return>  for immediate help.
 ...                                              
                                                  
l.6     \caption
                {Encoding of \textsf{ABA}}
You're in trouble here.  Try typing  <return>  to proceed.
If that doesn't work, type  X <return>  to quit.

Excluding 'algorithmic' comment.)
Runaway argument?
./content.tex:35: File ended while scanning use of \next.
<inserted text> 
                \par 
l.35 \input{sections/Specification.tex}
                                       
I suspect you have forgotten a `}', causing me
to read past where you wanted me to stop.
I'll try to recover; but if the error is serious,
you'd better type `E' or `X' now and fix your file.

)
Missing character: There is no ^^M (U+000D) in font [lmroman10-regular]:mapping=tex-text;!
Missing character: There is no ^^M (U+000D) in font [lmroman10-regular]:mapping=tex-text;!
)
! Emergency stop.
<*> /home/greghem/leslie/blueprint/src/web.tex
                                              
*** (job aborted, no legal \end found)

 
Here is how much of TeX's memory you used:
 9238 strings out of 468176
 146387 string characters out of 5407950
 553448 words of memory out of 5000000
 37820 multiletter control sequences out of 15000+600000
 636182 words of font info for 91 fonts, out of 8000000 for 9000
 1348 hyphenation exceptions out of 8191
 72i,11n,79p,575b,475s stack positions out of 10000i,1000n,20000p,200000b,200000s
Output written on web.pdf (22 pages).
